127.0.0.1 - - [08/Jan/2017:00:14:43 -0200] "GET / HTTP/1.1" 404 994
127.0.0.1 - - [08/Jan/2017:00:34:27 -0200] "GET / HTTP/1.1" 404 994
0:0:0:0:0:0:0:1 - - [08/Jan/2017:00:35:06 -0200] "GET /fj21-tarefas/olaMundoSpring HTTP/1.1" 404 992
127.0.0.1 - - [08/Jan/2017:00:35:49 -0200] "GET / HTTP/1.1" 404 994
0:0:0:0:0:0:0:1 - - [08/Jan/2017:00:35:50 -0200] "GET /fj21-tarefas/olaMundoSpring HTTP/1.1" 404 992
0:0:0:0:0:0:0:1 - - [08/Jan/2017:00:36:01 -0200] "GET /fj21-tarefas/olamundoppring HTTP/1.1" 404 992
127.0.0.1 - - [08/Jan/2017:00:40:47 -0200] "GET / HTTP/1.1" 404 994
0:0:0:0:0:0:0:1 - - [08/Jan/2017:00:40:56 -0200] "GET /fj21-tarefas/olamundoppring HTTP/1.1" 404 992
0:0:0:0:0:0:0:1 - - [08/Jan/2017:00:41:12 -0200] "GET /fj21-tarefas/olaMundoSpring HTTP/1.1" 200 91
0:0:0:0:0:0:0:1 - - [08/Jan/2017:01:13:31 -0200] "GET /fj21-tarefas/novaTarefa HTTP/1.1" 404 992
127.0.0.1 - - [08/Jan/2017:01:13:48 -0200] "GET / HTTP/1.1" 404 994
0:0:0:0:0:0:0:1 - - [08/Jan/2017:01:13:54 -0200] "GET /fj21-tarefas/novaTarefa HTTP/1.1" 200 401
0:0:0:0:0:0:0:1 - - [08/Jan/2017:01:15:24 -0200] "POST /fj21-tarefas/adicionaTarefa HTTP/1.1" 500 6394
127.0.0.1 - - [08/Jan/2017:02:09:19 -0200] "GET / HTTP/1.1" 404 994
127.0.0.1 - - [08/Jan/2017:03:00:56 -0200] "GET / HTTP/1.1" 404 994
0:0:0:0:0:0:0:1 - - [08/Jan/2017:03:01:17 -0200] "GET /fj21-tarefas/adicionaTarefa HTTP/1.1" 200 460
0:0:0:0:0:0:0:1 - - [08/Jan/2017:03:01:27 -0200] "POST /fj21-tarefas/adicionaTarefa HTTP/1.1" 200 223
127.0.0.1 - - [08/Jan/2017:09:33:50 -0200] "GET / HTTP/1.1" 404 994
127.0.0.1 - - [08/Jan/2017:10:15:32 -0200] "GET / HTTP/1.1" 404 994
0:0:0:0:0:0:0:1 - - [08/Jan/2017:10:16:04 -0200] "GET /fj21-tarefas/index.jsp HTTP/1.1" 200 221
0:0:0:0:0:0:0:1 - - [08/Jan/2017:10:16:04 -0200] "GET /favicon.ico HTTP/1.1" 404 1016
0:0:0:0:0:0:0:1 - - [08/Jan/2017:10:16:28 -0200] "GET /fj21-tarefas/adicionatarefa HTTP/1.1" 404 992
0:0:0:0:0:0:0:1 - - [08/Jan/2017:10:16:50 -0200] "GET /fj21-tarefas/novatarefa HTTP/1.1" 404 992
0:0:0:0:0:0:0:1 - - [08/Jan/2017:10:17:23 -0200] "GET /fj21-tarefas/novaTarefa HTTP/1.1" 200 401
0:0:0:0:0:0:0:1 - - [08/Jan/2017:10:17:43 -0200] "POST /fj21-tarefas/adicionaTarefa HTTP/1.1" 200 223
0:0:0:0:0:0:0:1 - - [08/Jan/2017:10:17:57 -0200] "GET /fj21-tarefas/listaTarefas HTTP/1.1" 200 449
0:0:0:0:0:0:0:1 - - [08/Jan/2017:10:18:35 -0200] "GET /fj21-tarefas/removeTarefa HTTP/1.1" 500 3823
0:0:0:0:0:0:0:1 - - [08/Jan/2017:10:18:48 -0200] "GET /fj21-tarefas/alteraTarefa HTTP/1.1" 500 3823
0:0:0:0:0:0:0:1 - - [08/Jan/2017:10:19:18 -0200] "GET /fj21-tarefas/mostraTarefa HTTP/1.1" 500 3824
127.0.0.1 - - [08/Jan/2017:10:35:50 -0200] "GET / HTTP/1.1" 404 994
0:0:0:0:0:0:0:1 - - [08/Jan/2017:10:36:53 -0200] "GET /fj21-tarefas/listaTarefas HTTP/1.1" 500 8314
127.0.0.1 - - [08/Jan/2017:10:40:56 -0200] "GET / HTTP/1.1" 404 994
0:0:0:0:0:0:0:1 - - [08/Jan/2017:10:43:22 -0200] "GET /fj21-tarefas/listaTarefas HTTP/1.1" 500 3725
127.0.0.1 - - [08/Jan/2017:10:44:35 -0200] "GET / HTTP/1.1" 404 994
0:0:0:0:0:0:0:1 - - [08/Jan/2017:10:44:44 -0200] "GET /fj21-tarefas/listaTarefas HTTP/1.1" 500 3725
127.0.0.1 - - [08/Jan/2017:10:45:35 -0200] "GET / HTTP/1.1" 404 994
0:0:0:0:0:0:0:1 - - [08/Jan/2017:10:45:42 -0200] "GET /fj21-tarefas/listaTarefas HTTP/1.1" 200 446
127.0.0.1 - - [08/Jan/2017:10:49:05 -0200] "GET / HTTP/1.1" 404 994
0:0:0:0:0:0:0:1 - - [08/Jan/2017:10:49:13 -0200] "GET /fj21-tarefas/listaTarefas HTTP/1.1" 200 446
0:0:0:0:0:0:0:1 - - [08/Jan/2017:10:49:20 -0200] "GET /fj21-tarefas/novaTarefa HTTP/1.1" 200 401
127.0.0.1 - - [08/Jan/2017:10:59:21 -0200] "GET / HTTP/1.1" 404 994
0:0:0:0:0:0:0:1 - - [08/Jan/2017:11:02:15 -0200] "GET /fj21-tarefas/listaTarefas HTTP/1.1" 500 3722
0:0:0:0:0:0:0:1 - - [08/Jan/2017:12:19:03 -0200] "GET /fj21-tarefas/listaTarefas HTTP/1.1" 500 3722
127.0.0.1 - - [08/Jan/2017:12:26:10 -0200] "GET / HTTP/1.1" 404 994
0:0:0:0:0:0:0:1 - - [08/Jan/2017:12:26:17 -0200] "GET /fj21-tarefas/listaTarefas HTTP/1.1" 500 3722
127.0.0.1 - - [08/Jan/2017:12:27:06 -0200] "GET / HTTP/1.1" 404 994
0:0:0:0:0:0:0:1 - - [08/Jan/2017:12:27:12 -0200] "GET /fj21-tarefas/listaTarefas HTTP/1.1" 200 523
127.0.0.1 - - [08/Jan/2017:12:28:24 -0200] "GET / HTTP/1.1" 404 994
0:0:0:0:0:0:0:1 - - [08/Jan/2017:12:35:11 -0200] "GET /fj21-tarefas/listaTarefas HTTP/1.1" 200 476
127.0.0.1 - - [08/Jan/2017:12:46:39 -0200] "GET / HTTP/1.1" 404 994
127.0.0.1 - - [08/Jan/2017:12:48:15 -0200] "GET / HTTP/1.1" 404 994
0:0:0:0:0:0:0:1 - - [08/Jan/2017:12:48:25 -0200] "GET /fj21-tarefas/listaTarefas HTTP/1.1" 200 497
127.0.0.1 - - [08/Jan/2017:22:28:55 -0200] "GET / HTTP/1.1" 404 994
127.0.0.1 - - [08/Jan/2017:22:36:47 -0200] "GET / HTTP/1.1" 404 994
0:0:0:0:0:0:0:1 - - [08/Jan/2017:22:36:59 -0200] "GET /fj21-tarefas/listaTarefas HTTP/1.1" 200 735
0:0:0:0:0:0:0:1 - - [08/Jan/2017:22:36:59 -0200] "GET /css/main-static.css HTTP/1.1" 404 1032
127.0.0.1 - - [08/Jan/2017:22:41:25 -0200] "GET / HTTP/1.1" 404 994
0:0:0:0:0:0:0:1 - - [08/Jan/2017:22:41:38 -0200] "GET /fj21-tarefas/greeting HTTP/1.1" 404 1072
127.0.0.1 - - [08/Jan/2017:22:42:52 -0200] "GET / HTTP/1.1" 404 994
0:0:0:0:0:0:0:1 - - [08/Jan/2017:22:43:34 -0200] "GET /fj21-tarefas/greeting.jsp HTTP/1.1" 404 1044
0:0:0:0:0:0:0:1 - - [08/Jan/2017:22:43:47 -0200] "GET /fj21-tarefas/greeting HTTP/1.1" 404 1072
127.0.0.1 - - [08/Jan/2017:22:44:19 -0200] "GET / HTTP/1.1" 404 994
0:0:0:0:0:0:0:1 - - [08/Jan/2017:22:44:24 -0200] "GET /fj21-tarefas/greeting HTTP/1.1" 200 206
127.0.0.1 - - [08/Jan/2017:22:45:47 -0200] "GET / HTTP/1.1" 404 994
0:0:0:0:0:0:0:1 - - [08/Jan/2017:22:45:52 -0200] "GET /fj21-tarefas/greeting HTTP/1.1" 200 211
0:0:0:0:0:0:0:1 - - [08/Jan/2017:22:54:12 -0200] "GET /fj21-tarefas/greeting HTTP/1.1" 200 210
0:0:0:0:0:0:0:1 - - [08/Jan/2017:22:54:12 -0200] "GET /favicon.ico HTTP/1.1" 404 1016
0:0:0:0:0:0:0:1 - - [08/Jan/2017:22:54:33 -0200] "GET /fj21-tarefas/greeting?name=Josemar HTTP/1.1" 200 210
127.0.0.1 - - [08/Jan/2017:23:03:05 -0200] "GET / HTTP/1.1" 404 994
0:0:0:0:0:0:0:1 - - [08/Jan/2017:23:03:16 -0200] "GET /fj21-tarefas/listaTarefas HTTP/1.1" 200 735
0:0:0:0:0:0:0:1 - - [08/Jan/2017:23:03:16 -0200] "GET /css/main-static.css HTTP/1.1" 404 1032
0:0:0:0:0:0:0:1 - - [08/Jan/2017:23:03:28 -0200] "GET /fj21-tarefas/listaTarefas HTTP/1.1" 200 735
0:0:0:0:0:0:0:1 - - [08/Jan/2017:23:03:28 -0200] "GET /css/main-static.css HTTP/1.1" 404 1032
0:0:0:0:0:0:0:1 - - [08/Jan/2017:23:11:40 -0200] "GET /fj21-tarefas/greeting?name=Josemar HTTP/1.1" 200 210
0:0:0:0:0:0:0:1 - - [08/Jan/2017:23:13:11 -0200] "GET /fj21-tarefas/listaTarefas HTTP/1.1" 200 735
0:0:0:0:0:0:0:1 - - [08/Jan/2017:23:13:11 -0200] "GET /css/main-static.css HTTP/1.1" 404 1032
127.0.0.1 - - [08/Jan/2017:23:14:12 -0200] "GET / HTTP/1.1" 404 994
0:0:0:0:0:0:0:1 - - [08/Jan/2017:23:14:21 -0200] "GET /fj21-tarefas/listaTarefas HTTP/1.1" 200 735
0:0:0:0:0:0:0:1 - - [08/Jan/2017:23:14:21 -0200] "GET /css/main-static.css HTTP/1.1" 404 1032
127.0.0.1 - - [08/Jan/2017:23:16:22 -0200] "GET / HTTP/1.1" 404 994
0:0:0:0:0:0:0:1 - - [08/Jan/2017:23:16:28 -0200] "GET /fj21-tarefas/listaTarefas HTTP/1.1" 200 552
127.0.0.1 - - [08/Jan/2017:23:17:33 -0200] "GET / HTTP/1.1" 404 994
0:0:0:0:0:0:0:1 - - [08/Jan/2017:23:17:40 -0200] "GET /fj21-tarefas/listaTarefas HTTP/1.1" 200 540
127.0.0.1 - - [08/Jan/2017:23:18:09 -0200] "GET / HTTP/1.1" 404 994
0:0:0:0:0:0:0:1 - - [08/Jan/2017:23:23:32 -0200] "GET /fj21-tarefas/greeting?name=Josemar HTTP/1.1" 200 210
127.0.0.1 - - [08/Jan/2017:23:31:04 -0200] "GET / HTTP/1.1" 404 994
0:0:0:0:0:0:0:1 - - [08/Jan/2017:23:31:12 -0200] "GET /fj21-tarefas/listaTarefas HTTP/1.1" 200 550
127.0.0.1 - - [08/Jan/2017:23:34:44 -0200] "GET / HTTP/1.1" 404 994
0:0:0:0:0:0:0:1 - - [08/Jan/2017:23:34:50 -0200] "GET /fj21-tarefas/listaTarefas HTTP/1.1" 200 550
0:0:0:0:0:0:0:1 - - [08/Jan/2017:23:42:41 -0200] "GET /fj21-tarefas/greeting?name=Josemar HTTP/1.1" 200 210
0:0:0:0:0:0:0:1 - - [08/Jan/2017:23:42:51 -0200] "GET /fj21-tarefas/olaMundoSpring HTTP/1.1" 200 91
127.0.0.1 - - [08/Jan/2017:23:46:03 -0200] "GET / HTTP/1.1" 404 994
0:0:0:0:0:0:0:1 - - [08/Jan/2017:23:46:17 -0200] "GET /fj21-tarefas/olaMundoSpring HTTP/1.1" 200 91
127.0.0.1 - - [08/Jan/2017:23:48:37 -0200] "GET / HTTP/1.1" 404 994
0:0:0:0:0:0:0:1 - - [08/Jan/2017:23:48:43 -0200] "GET /fj21-tarefas/olaMundoSpring HTTP/1.1" 200 119
127.0.0.1 - - [08/Jan/2017:23:52:15 -0200] "GET / HTTP/1.1" 404 994
0:0:0:0:0:0:0:1 - - [08/Jan/2017:23:52:21 -0200] "GET /fj21-tarefas/olaMundoSpring HTTP/1.1" 200 119
0:0:0:0:0:0:0:1 - - [08/Jan/2017:23:52:24 -0200] "GET /fj21-tarefas/olaMundoSpring HTTP/1.1" 200 119
